x1 = 63
x2 = 3
x3 = 67
x4 = 3
x5 = -1
x6 = 0
x7 = 1
x8 = 4
x9 = 63
x10 = 3
x11 = 67

[0x0] = 3
[0x4] = 63
[0x8] = 67
