x0: 0
x1: 120
x2: 3
x3: 67
x4: 3
x5: -1
x6: 0
x7: 1
x8: 4
x9: 63
x10: 3
x11: 67
x12: 1
x13: 113
x14: 0
x15: 1
x16: 0
x17: 0
x18: 0
x19: 1
x20: 1
x21: 1
x22: 1
x23: 1
x24: 0
x25: 1
x26: 63
x27: 0
x28: 0
x29: 0
x30: 0
x31: 0
[0x0]: 3
[0x4]: 63
[0x8]: 67

