x0: 0
x1: 0
x2: 25
x3: 68
x4: 1
x5: 11
x6: 0
x7: 7
x8: 0
x9: 18
x10: 0
x11: 0
x12: 0
x13: 0
x14: 0
x15: 0
x16: 0
x17: 0
x18: 0
x19: 0
x20: 0
x21: 0
x22: 0
x23: 0
x24: 0
x25: 0
x26: 0
x27: 0
x28: 0
x29: 0
x30: 0
x31: 0
