0: 0
1: -2
2: 0 
3: 2
4: 1
5: 1
6: -1
7: 0
8: 1
9: -1
10: 0
11: -2
12: 4
13: 16
14: 17
15: 1088
16: -1
17: -1
18: 272
19: 68
20: 4194303
21: 1
22: -1
23: -1
24: -1
25: -1
26: 4195391 
27: -1
28: -1
29: 1
30: 0
31: 4193215
